// Jest Snapshot v1, https://goo.gl/fbAQLP

exports[`should be a object - colors 1`] = `
Object {
  "darker": Object {
    "divider": Object {
      "main": "#616161",
    },
    "primary": Object {
      "dark": "#212121",
      "light": "#424242",
      "main": "#424242",
      "ultraDark": "#424242",
    },
    "primaryBackground": Object {
      "main": "#303030",
    },
    "primaryText": Object {
      "dark": "#E0E0E0",
      "light": "#BDBDBD",
      "main": "#FFFFFF",
      "ultraLight": "#EEEEEE",
    },
    "secondary": Object {
      "dark": "#3A3509",
      "light": "#4F4200",
      "main": "#888009",
      "ultraDark": "#453E18",
    },
    "secondaryBackground": Object {
      "main": "#424242",
    },
    "status": Object {
      "danger": "#B71C1C",
      "info": "#E0E0E0",
      "success": "#1B5E20",
      "warning": "#FF6D00",
    },
  },
  "lighter": Object {
    "divider": Object {
      "main": "#EEEEEE",
    },
    "primary": Object {
      "dark": "#5A6AE5",
      "light": "#F3F5FF",
      "main": "#6C75F5",
      "ultraDark": "#475ABE",
    },
    "primaryBackground": Object {
      "main": "#FAFAFA",
    },
    "primaryText": Object {
      "dark": "#212121",
      "light": "#BDBDBD",
      "main": "#333333",
      "ultraLight": "#E0E0E0",
    },
    "secondary": Object {
      "dark": "#E5D55A",
      "light": "#FFFDF3",
      "main": "#F5EC6C",
      "ultraDark": "#BEAB47",
    },
    "secondaryBackground": Object {
      "main": "#FFFFFF",
    },
    "status": Object {
      "danger": "#f44336",
      "info": "#333",
      "success": "#43A047",
      "warning": "#E65100",
    },
  },
}
`;
