// Jest Snapshot v1, https://goo.gl/fbAQLP

exports[`renders correctly - SafeAreaView 1`] = `
<RCTSafeAreaView
  emulateUnlessSupported={true}
  style={
    Object {
      "backgroundColor": "#efeff6",
    }
  }
>
  <Text
    style={
      Array [
        Object {
          "color": "#161617",
        },
        undefined,
      ]
    }
  >
    Hello Word!
  </Text>
</RCTSafeAreaView>
`;
